// Jest Snapshot v1, https://goo.gl/fbAQLP

exports[`matches snapshot 1`] = `
<header>
  <Navbar
    color="light"
    expand="md"
    light={true}
    tag="nav"
  >
    <Container
      tag="div"
    >
      <NavbarBrand
        tag={[Function]}
        to="/"
      >
        Ironman 70.3 Club
      </NavbarBrand>
      <NavbarToggler
        onClick={[Function]}
        tag="button"
        type="button"
      />
      <Collapse
        appear={false}
        enter={true}
        exit={true}
        in={false}
        isOpen={false}
        mountOnEnter={false}
        navbar={true}
        onEnter={[Function]}
        onEntered={[Function]}
        onEntering={[Function]}
        onExit={[Function]}
        onExited={[Function]}
        onExiting={[Function]}
        tag="div"
        timeout={350}
        unmountOnExit={false}
      >
        <Nav
          className="ml-auto"
          navbar={true}
          tag="ul"
          vertical={false}
        >
          <NavItem
            tag="li"
          >
            <NavLink
              activeClassName="active"
              tag={[Function]}
              to="/graphs"
            >
              Graphs
            </NavLink>
          </NavItem>
          <UncontrolledDropdown
            inNavbar={true}
            nav={true}
          >
            <DropdownToggle
              aria-haspopup={true}
              caret={true}
              color="secondary"
              nav={true}
            >
              Athletes
            </DropdownToggle>
            <DropdownMenu
              flip={true}
              right={true}
              tag="div"
            >
              <DropdownItem
                activeClassName="active"
                tag={[Function]}
                to="Alice"
                toggle={true}
              >
                Alice
              </DropdownItem>
              <DropdownItem
                activeClassName="active"
                tag={[Function]}
                to="Bob"
                toggle={true}
              >
                Bob
              </DropdownItem>
              <DropdownItem
                activeClassName="active"
                tag={[Function]}
                to="Charlie"
                toggle={true}
              >
                Charlie
              </DropdownItem>
            </DropdownMenu>
          </UncontrolledDropdown>
          <UncontrolledDropdown
            inNavbar={true}
            nav={true}
          >
            <DropdownToggle
              aria-haspopup={true}
              caret={true}
              color="secondary"
              nav={true}
            >
              Seasons
            </DropdownToggle>
            <DropdownMenu
              flip={true}
              right={true}
              tag="div"
            >
              <DropdownItem
                activeClassName="active"
                tag={[Function]}
                to="season/fall2017"
                toggle={true}
              >
                Fall 2017
              </DropdownItem>
              <DropdownItem
                activeClassName="active"
                tag={[Function]}
                to="season/spring2019"
                toggle={true}
              >
                Spring 2019
              </DropdownItem>
              <DropdownItem
                divider={true}
                tag="button"
                toggle={true}
              />
              <DropdownItem
                tag="button"
                toggle={true}
              >
                All time
              </DropdownItem>
            </DropdownMenu>
          </UncontrolledDropdown>
        </Nav>
      </Collapse>
    </Container>
  </Navbar>
</header>
`;
